<?xml version="1.0" encoding="UTF-8"?>
<testsuites name="jest tests" tests="17" failures="0" errors="0" time="11.931">
  <testsuite name="Jwt routes" errors="0" failures="0" skipped="0" timestamp="2023-05-08T14:25:40" time="7.94" tests="6">
    <testcase classname="Jwt routes Should tests for refresh token should generate access token" name="Jwt routes Should tests for refresh token should generate access token" time="0.008">
    </testcase>
    <testcase classname="Jwt routes Should tests for refresh token should refresh token check" name="Jwt routes Should tests for refresh token should refresh token check" time="0.004">
    </testcase>
    <testcase classname="Jwt routes Should tests for refresh token should generate access token and verify" name="Jwt routes Should tests for refresh token should generate access token and verify" time="0.007">
    </testcase>
    <testcase classname="Jwt routes Should tests for refresh token Try generate refresh token and verify" name="Jwt routes Should tests for refresh token Try generate refresh token and verify" time="0.002">
    </testcase>
    <testcase classname="Jwt routes Should tests for refresh token Try refresh token request" name="Jwt routes Should tests for refresh token Try refresh token request" time="0.039">
    </testcase>
    <testcase classname="Jwt routes Should tests for refresh token Try refresh token request" name="Jwt routes Should tests for refresh token Try refresh token request" time="0.019">
    </testcase>
  </testsuite>
  <testsuite name="Should test session function" errors="0" failures="0" skipped="0" timestamp="2023-05-08T14:25:48" time="1.284" tests="4">
    <testcase classname="Should test session function Should request for session is already up" name="Should test session function Should request for session is already up" time="0.038">
    </testcase>
    <testcase classname="Should test session function Should exception for user not exists" name="Should test session function Should exception for user not exists" time="0.028">
    </testcase>
    <testcase classname="Should test session function Should request for session with roles valid type user exception" name="Should test session function Should request for session with roles valid type user exception" time="0.038">
    </testcase>
    <testcase classname="Should test session function Should request for session with roles valid type user" name="Should test session function Should request for session with roles valid type user" time="0.031">
    </testcase>
  </testsuite>
  <testsuite name="Users CRUD" errors="0" failures="0" skipped="0" timestamp="2023-05-08T14:25:49" time="1.072" tests="5">
    <testcase classname="Users CRUD should create users" name="Users CRUD should create users" time="0.275">
    </testcase>
    <testcase classname="Users CRUD should update fields user" name="Users CRUD should update fields user" time="0.014">
    </testcase>
    <testcase classname="Users CRUD should update fields user by id, username and email" name="Users CRUD should update fields user by id, username and email" time="0.036">
    </testcase>
    <testcase classname="Users CRUD should find one user" name="Users CRUD should find one user" time="0.008">
    </testcase>
    <testcase classname="Users CRUD should delete user" name="Users CRUD should delete user" time="0.035">
    </testcase>
  </testsuite>
  <testsuite name="Login routes" errors="0" failures="0" skipped="0" timestamp="2023-05-08T14:25:50" time="1.049" tests="1">
    <testcase classname="Login routes given the product does not exist success login" name="Login routes given the product does not exist success login" time="0.37">
    </testcase>
  </testsuite>
  <testsuite name="healthcheck test" errors="0" failures="0" skipped="0" timestamp="2023-05-08T14:25:51" time="0.157" tests="1">
    <testcase classname="healthcheck test should test === true" name="healthcheck test should test === true" time="0.002">
    </testcase>
  </testsuite>
</testsuites>